// Jest Snapshot v1, https://goo.gl/fbAQLP

exports[`UserInfo renders UserInfo 1`] = `""`;
