// Jest Snapshot v1, https://goo.gl/fbAQLP

exports[`RepoDisplay renders RepoDisplay 1`] = `""`;
