// Jest Snapshot v1, https://goo.gl/fbAQLP

exports[`App component renders App 1`] = `
<Fragment>
  <BrowserRouter>
    <AppProvider>
      <Switch>
        <Route
          component={[Function]}
          exact={true}
          path="/"
        />
      </Switch>
    </AppProvider>
  </BrowserRouter>
</Fragment>
`;
