// Jest Snapshot v1, https://goo.gl/fbAQLP

exports[`SearchBar renders SearchBar 1`] = `
<Fragment>
  <form
    onSubmit={[Function]}
  >
    <input
      onChange={[Function]}
      type="text"
    />
    <button>
      Submit
    </button>
  </form>
</Fragment>
`;
